{"timestamp":"2024-03-15T14:22:31.456Z","level":"INFO","service":"auth","message":"User login successful","user_id":"u_98421","ip":"192.168.1.45","duration_ms":142,"status":200}
